\BOOKMARK [1][]{section.1}{\376\377\0001\000\040\000I\000n\000t\000r\000o\000d\000u\000c\000t\000i\000o\000n}{}% 1
\BOOKMARK [1][]{section.2}{\376\377\0002\000\040\000T\000h\000e\000o\000r\000e\000t\000i\000c\000a\000l\000\040\000B\000a\000c\000k\000g\000r\000o\000u\000n\000d}{}% 2
\BOOKMARK [2][]{subsection.2.1}{\376\377\0002\000.\0001\000\040\000N\000I\000S\000T\000\040\000S\000t\000a\000n\000d\000a\000r\000d\000i\000s\000a\000t\000i\000o\000n\000\040\000a\000n\000d\000\040\000A\000l\000g\000o\000r\000i\000t\000h\000m\000\040\000S\000e\000l\000e\000c\000t\000i\000o\000n}{section.2}% 3
\BOOKMARK [2][]{subsection.2.2}{\376\377\0002\000.\0002\000\040\000L\000e\000a\000r\000n\000i\000n\000g\000\040\000W\000i\000t\000h\000\040\000E\000r\000r\000o\000r\000s}{section.2}% 4
\BOOKMARK [2][]{subsection.2.3}{\376\377\0002\000.\0003\000\040\000N\000T\000R\000U\000\040\000a\000n\000d\000\040\000K\000E\000M\000s}{section.2}% 5
\BOOKMARK [1][]{section.3}{\376\377\0003\000\040\000M\000e\000t\000h\000o\000d\000o\000l\000o\000g\000y\000\040\000a\000n\000d\000\040\000P\000r\000o\000j\000e\000c\000t\000\040\000E\000v\000o\000l\000u\000t\000i\000o\000n}{}% 6
\BOOKMARK [2][]{subsection.3.1}{\376\377\0003\000.\0001\000\040\000I\000n\000i\000t\000i\000a\000l\000\040\000C\000o\000n\000s\000t\000r\000a\000i\000n\000t\000s\000\040\000a\000n\000d\000\040\000D\000e\000s\000i\000g\000n\000\040\000D\000e\000c\000i\000s\000i\000o\000n\000s}{section.3}% 7
\BOOKMARK [2][]{subsection.3.2}{\376\377\0003\000.\0002\000\040\000A\000r\000c\000h\000i\000t\000e\000c\000t\000u\000r\000e\000\040\000E\000v\000o\000l\000u\000t\000i\000o\000n}{section.3}% 8
\BOOKMARK [2][]{subsection.3.3}{\376\377\0003\000.\0003\000\040\000S\000u\000p\000e\000r\000v\000i\000s\000o\000r\000\040\000G\000u\000i\000d\000a\000n\000c\000e}{section.3}% 9
\BOOKMARK [1][]{section.4}{\376\377\0004\000\040\000S\000y\000s\000t\000e\000m\000\040\000I\000m\000p\000l\000e\000m\000e\000n\000t\000a\000t\000i\000o\000n}{}% 10
\BOOKMARK [2][]{subsection.4.1}{\376\377\0004\000.\0001\000\040\000T\000e\000c\000h\000n\000o\000l\000o\000g\000y\000\040\000S\000t\000a\000c\000k\000\040\000a\000n\000d\000\040\000A\000r\000c\000h\000i\000t\000e\000c\000t\000u\000r\000e}{section.4}% 11
\BOOKMARK [2][]{subsection.4.2}{\376\377\0004\000.\0002\000\040\000C\000r\000y\000p\000t\000o\000g\000r\000a\000p\000h\000i\000c\000\040\000L\000i\000b\000r\000a\000r\000y\000\040\000a\000n\000d\000\040\000E\0002\000E\000E\000\040\000P\000r\000o\000t\000o\000c\000o\000l}{section.4}% 12
\BOOKMARK [2][]{subsection.4.3}{\376\377\0004\000.\0003\000\040\000I\000m\000p\000l\000e\000m\000e\000n\000t\000a\000t\000i\000o\000n\000\040\000B\000u\000g\000s\000\040\000I\000d\000e\000n\000t\000i\000f\000i\000e\000d\000\040\000a\000n\000d\000\040\000F\000i\000x\000e\000d}{section.4}% 13
\BOOKMARK [1][]{section.5}{\376\377\0005\000\040\000E\000v\000a\000l\000u\000a\000t\000i\000o\000n\000\040\000a\000n\000d\000\040\000R\000e\000s\000u\000l\000t\000s}{}% 14
\BOOKMARK [2][]{subsection.5.1}{\376\377\0005\000.\0001\000\040\000B\000e\000n\000c\000h\000m\000a\000r\000k\000i\000n\000g\000\040\000M\000e\000t\000h\000o\000d\000o\000l\000o\000g\000y}{section.5}% 15
\BOOKMARK [2][]{subsection.5.2}{\376\377\0005\000.\0002\000\040\000K\000E\000M\000\040\000O\000p\000e\000r\000a\000t\000i\000o\000n\000\040\000P\000e\000r\000f\000o\000r\000m\000a\000n\000c\000e}{section.5}% 16
\BOOKMARK [2][]{subsection.5.3}{\376\377\0005\000.\0003\000\040\000S\000e\000s\000s\000i\000o\000n\000\040\000T\000h\000r\000o\000u\000g\000h\000p\000u\000t}{section.5}% 17
\BOOKMARK [2][]{subsection.5.4}{\376\377\0005\000.\0004\000\040\000S\000t\000a\000t\000i\000s\000t\000i\000c\000a\000l\000\040\000S\000i\000g\000n\000i\000f\000i\000c\000a\000n\000c\000e}{section.5}% 18
\BOOKMARK [2][]{subsection.5.5}{\376\377\0005\000.\0005\000\040\000C\000o\000n\000t\000e\000x\000t\000u\000a\000l\000i\000s\000a\000t\000i\000o\000n\000\040\000A\000g\000a\000i\000n\000s\000t\000\040\000P\000r\000o\000d\000u\000c\000t\000i\000o\000n\000\040\000B\000e\000n\000c\000h\000m\000a\000r\000k\000s}{section.5}% 19
\BOOKMARK [2][]{subsection.5.6}{\376\377\0005\000.\0006\000\040\000R\000a\000n\000k\000i\000n\000g\000\040\000C\000o\000m\000p\000a\000r\000i\000s\000o\000n}{section.5}% 20
\BOOKMARK [2][]{subsection.5.7}{\376\377\0005\000.\0007\000\040\000T\000h\000r\000e\000a\000t\000s\000\040\000t\000o\000\040\000V\000a\000l\000i\000d\000i\000t\000y}{section.5}% 21
\BOOKMARK [1][]{section.6}{\376\377\0006\000\040\000C\000r\000i\000t\000i\000c\000a\000l\000\040\000E\000v\000a\000l\000u\000a\000t\000i\000o\000n}{}% 22
\BOOKMARK [2][]{subsection.6.1}{\376\377\0006\000.\0001\000\040\000A\000c\000h\000i\000e\000v\000e\000m\000e\000n\000t\000\040\000o\000f\000\040\000O\000b\000j\000e\000c\000t\000i\000v\000e\000s}{section.6}% 23
\BOOKMARK [2][]{subsection.6.2}{\376\377\0006\000.\0002\000\040\000A\000u\000t\000o\000m\000a\000t\000e\000d\000\040\000T\000e\000s\000t\000i\000n\000g}{section.6}% 24
\BOOKMARK [2][]{subsection.6.3}{\376\377\0006\000.\0003\000\040\000S\000e\000c\000u\000r\000i\000t\000y\000\040\000A\000n\000a\000l\000y\000s\000i\000s}{section.6}% 25
\BOOKMARK [2][]{subsection.6.4}{\376\377\0006\000.\0004\000\040\000L\000e\000s\000s\000o\000n\000s\000\040\000L\000e\000a\000r\000n\000e\000d}{section.6}% 26
\BOOKMARK [2][]{subsection.6.5}{\376\377\0006\000.\0005\000\040\000R\000e\000c\000o\000m\000m\000e\000n\000d\000a\000t\000i\000o\000n\000s\000\040\000f\000o\000r\000\040\000P\000r\000a\000c\000t\000i\000t\000i\000o\000n\000e\000r\000s}{section.6}% 27
\BOOKMARK [2][]{subsection.6.6}{\376\377\0006\000.\0006\000\040\000F\000u\000t\000u\000r\000e\000\040\000W\000o\000r\000k}{section.6}% 28
\BOOKMARK [1][]{section.7}{\376\377\0007\000\040\000C\000o\000n\000c\000l\000u\000s\000i\000o\000n}{}% 29
